........................................................................ [ 17%]
..........................................s................s............ [ 35%]
........................................................................ [ 53%]
........................................................................ [ 71%]
........................................................................ [ 88%]
.............................................                            [100%]
403 passed, 2 skipped in 14.89s
exit_code=0
